03:08:57: Creating resource group General
03:08:57: Creating resource group Internal
03:08:57: Creating resource group Autodetect
03:08:57: SceneManagerFactory for type 'DefaultSceneManager' registered.
03:08:57: Registering ResourceManager for type Material
03:08:57: Registering ResourceManager for type Mesh
03:08:57: Registering ResourceManager for type Mesh2
03:08:57: Registering ResourceManager for type OldSkeleton
03:08:57: MovableObjectFactory for type 'ParticleSystem' registered.
03:08:57: ArchiveFactory for archive type FileSystem registered.
03:08:57: ArchiveFactory for archive type Zip registered.
03:08:57: ArchiveFactory for archive type EmbeddedZip registered.
03:08:57: DDS codec registering
03:08:57: FreeImage version: 3.18.0
03:08:57: This program uses FreeImage, a free, open source image library supporting all common bitmap formats. See http://freeimage.sourceforge.net for details
03:08:57: Supported formats: bmp,ico,jpg,jif,jpeg,jpe,jng,koa,iff,lbm,mng,pbm,pbm,pcd,pcx,pgm,pgm,png,ppm,ppm,ras,tga,targa,tif,tiff,wap,wbmp,wbm,psd,psb,cut,xbm,xpm,gif,hdr,g3,sgi,rgb,rgba,bw,exr,j2k,j2c,jp2,pfm,pct,pict,pic,3fr,arw,bay,bmq,cap,cine,cr2,crw,cs1,dc2,dcr,drf,dsc,dng,erf,fff,ia,iiq,k25,kc2,kdc,mdc,mef,mos,mrw,nef,nrw,orf,pef,ptx,pxn,qtk,raf,raw,rdc,rw2,rwl,rwz,sr2,srf,srw,sti,x3f,webp,jxr,wdp,hdp
03:08:57: OITD codec registering
03:08:57: Registering ResourceManager for type HighLevelGpuProgram
03:08:57: MovableObjectFactory for type 'Decal' registered.
03:08:57: MovableObjectFactory for type 'InternalCubemapProbe' registered.
03:08:57: MovableObjectFactory for type 'Entity' registered.
03:08:57: MovableObjectFactory for type 'Item' registered.
03:08:57: MovableObjectFactory for type 'Light' registered.
03:08:57: MovableObjectFactory for type 'Rectangle2Dv2' registered.
03:08:57: MovableObjectFactory for type 'BillboardSet' registered.
03:08:57: MovableObjectFactory for type 'ManualObject2' registered.
03:08:57: MovableObjectFactory for type 'BillboardChain' registered.
03:08:57: MovableObjectFactory for type 'RibbonTrail' registered.
03:08:57: MovableObjectFactory for type 'WireAabb' registered.
03:08:57: Loading library /home/satch/Projects/Ogre2/install/lib/OGRE/RenderSystem_GL3Plus
03:08:57: Installing plugin: GL 3+ RenderSystem
03:08:57: OpenGL 3+ Rendering Subsystem created.
03:08:57: Plugin successfully installed
03:08:57: *-*-* OGRE Initialising
03:08:57: *-*-* Version 2.3.3 (Daedalus)
03:08:57: CPU Identifier & Features
03:08:57: -------------------------
03:08:57:  *   CPU ID: GenuineIntel: Intel(R) Core(TM) i5-2500K CPU @ 3.30GHz
03:08:57:  *   Logical cores: 4
03:08:57:  *      SSE: yes
03:08:57:  *     SSE2: yes
03:08:57:  *     SSE3: yes
03:08:57:  *      MMX: yes
03:08:57:  *   MMXEXT: yes
03:08:57:  *    3DNOW: no
03:08:57:  * 3DNOWEXT: no
03:08:57:  *     CMOV: yes
03:08:57:  *      TSC: yes
03:08:57:  *      FPU: yes
03:08:57:  *      PRO: yes
03:08:57:  *       HT: no
03:08:57: -------------------------
03:08:57: ******************************
*** Starting GLX Subsystem ***
******************************
03:08:57: GL3PlusRenderSystem::_createRenderWindow "Artillery", 1600x720 windowed  miscParams: FSAA=0 displayFrequency=N/A gamma=Yes vsync=No 
03:08:57: Created GL 4.5 context
03:08:58: GLXWindow::create used FBConfigID = 165
03:08:58: GL Version = 4.5.0.0
03:08:58: GL_VERSION = 4.5.0 NVIDIA 550.163.01
03:08:58: GL_VENDOR = NVIDIA Corporation
03:08:58: GL_RENDERER = NVIDIA GeForce GTX 960/PCIe/SSE2
03:08:58: GL_EXTENSIONS = 
03:08:58: GL_AMD_multi_draw_indirect
03:08:58: GL_AMD_seamless_cubemap_per_texture
03:08:58: GL_AMD_vertex_shader_viewport_index
03:08:58: GL_AMD_vertex_shader_layer
03:08:58: GL_ARB_arrays_of_arrays
03:08:58: GL_ARB_base_instance
03:08:58: GL_ARB_bindless_texture
03:08:58: GL_ARB_blend_func_extended
03:08:58: GL_ARB_buffer_storage
03:08:58: GL_ARB_clear_buffer_object
03:08:58: GL_ARB_clear_texture
03:08:58: GL_ARB_clip_control
03:08:58: GL_ARB_color_buffer_float
03:08:58: GL_ARB_compressed_texture_pixel_storage
03:08:58: GL_ARB_conservative_depth
03:08:58: GL_ARB_compute_shader
03:08:58: GL_ARB_compute_variable_group_size
03:08:58: GL_ARB_conditional_render_inverted
03:08:58: GL_ARB_copy_buffer
03:08:58: GL_ARB_copy_image
03:08:58: GL_ARB_cull_distance
03:08:58: GL_ARB_debug_output
03:08:58: GL_ARB_depth_buffer_float
03:08:58: GL_ARB_depth_clamp
03:08:58: GL_ARB_depth_texture
03:08:58: GL_ARB_derivative_control
03:08:58: GL_ARB_direct_state_access
03:08:58: GL_ARB_draw_buffers
03:08:58: GL_ARB_draw_buffers_blend
03:08:58: GL_ARB_draw_indirect
03:08:58: GL_ARB_draw_elements_base_vertex
03:08:58: GL_ARB_draw_instanced
03:08:58: GL_ARB_enhanced_layouts
03:08:58: GL_ARB_ES2_compatibility
03:08:58: GL_ARB_ES3_compatibility
03:08:58: GL_ARB_ES3_1_compatibility
03:08:58: GL_ARB_ES3_2_compatibility
03:08:58: GL_ARB_explicit_attrib_location
03:08:58: GL_ARB_explicit_uniform_location
03:08:58: GL_ARB_fragment_coord_conventions
03:08:58: GL_ARB_fragment_layer_viewport
03:08:58: GL_ARB_fragment_program
03:08:58: GL_ARB_fragment_program_shadow
03:08:58: GL_ARB_fragment_shader
03:08:58: GL_ARB_fragment_shader_interlock
03:08:58: GL_ARB_framebuffer_no_attachments
03:08:58: GL_ARB_framebuffer_object
03:08:58: GL_ARB_framebuffer_sRGB
03:08:58: GL_ARB_geometry_shader4
03:08:58: GL_ARB_get_program_binary
03:08:58: GL_ARB_get_texture_sub_image
03:08:58: GL_ARB_gl_spirv
03:08:58: GL_ARB_gpu_shader5
03:08:58: GL_ARB_gpu_shader_fp64
03:08:58: GL_ARB_gpu_shader_int64
03:08:58: GL_ARB_half_float_pixel
03:08:58: GL_ARB_half_float_vertex
03:08:58: GL_ARB_imaging
03:08:58: GL_ARB_indirect_parameters
03:08:58: GL_ARB_instanced_arrays
03:08:58: GL_ARB_internalformat_query
03:08:58: GL_ARB_internalformat_query2
03:08:58: GL_ARB_invalidate_subdata
03:08:58: GL_ARB_map_buffer_alignment
03:08:58: GL_ARB_map_buffer_range
03:08:58: GL_ARB_multi_bind
03:08:58: GL_ARB_multi_draw_indirect
03:08:58: GL_ARB_multisample
03:08:58: GL_ARB_multitexture
03:08:58: GL_ARB_occlusion_query
03:08:58: GL_ARB_occlusion_query2
03:08:58: GL_ARB_parallel_shader_compile
03:08:58: GL_ARB_pipeline_statistics_query
03:08:58: GL_ARB_pixel_buffer_object
03:08:58: GL_ARB_point_parameters
03:08:58: GL_ARB_point_sprite
03:08:58: GL_ARB_polygon_offset_clamp
03:08:58: GL_ARB_post_depth_coverage
03:08:58: GL_ARB_program_interface_query
03:08:58: GL_ARB_provoking_vertex
03:08:58: GL_ARB_query_buffer_object
03:08:58: GL_ARB_robust_buffer_access_behavior
03:08:58: GL_ARB_robustness
03:08:58: GL_ARB_sample_locations
03:08:58: GL_ARB_sample_shading
03:08:58: GL_ARB_sampler_objects
03:08:58: GL_ARB_seamless_cube_map
03:08:58: GL_ARB_seamless_cubemap_per_texture
03:08:58: GL_ARB_separate_shader_objects
03:08:58: GL_ARB_shader_atomic_counter_ops
03:08:58: GL_ARB_shader_atomic_counters
03:08:58: GL_ARB_shader_ballot
03:08:58: GL_ARB_shader_bit_encoding
03:08:58: GL_ARB_shader_clock
03:08:58: GL_ARB_shader_draw_parameters
03:08:58: GL_ARB_shader_group_vote
03:08:58: GL_ARB_shader_image_load_store
03:08:58: GL_ARB_shader_image_size
03:08:58: GL_ARB_shader_objects
03:08:58: GL_ARB_shader_precision
03:08:58: GL_ARB_shader_storage_buffer_object
03:08:58: GL_ARB_shader_subroutine
03:08:58: GL_ARB_shader_texture_image_samples
03:08:58: GL_ARB_shader_texture_lod
03:08:58: GL_ARB_shading_language_100
03:08:58: GL_ARB_shader_viewport_layer_array
03:08:58: GL_ARB_shading_language_420pack
03:08:58: GL_ARB_shading_language_include
03:08:58: GL_ARB_shading_language_packing
03:08:58: GL_ARB_shadow
03:08:58: GL_ARB_sparse_buffer
03:08:58: GL_ARB_sparse_texture
03:08:58: GL_ARB_sparse_texture2
03:08:58: GL_ARB_sparse_texture_clamp
03:08:58: GL_ARB_spirv_extensions
03:08:58: GL_ARB_stencil_texturing
03:08:58: GL_ARB_sync
03:08:58: GL_ARB_tessellation_shader
03:08:58: GL_ARB_texture_barrier
03:08:58: GL_ARB_texture_border_clamp
03:08:58: GL_ARB_texture_buffer_object
03:08:58: GL_ARB_texture_buffer_object_rgb32
03:08:58: GL_ARB_texture_buffer_range
03:08:58: GL_ARB_texture_compression
03:08:58: GL_ARB_texture_compression_bptc
03:08:58: GL_ARB_texture_compression_rgtc
03:08:58: GL_ARB_texture_cube_map
03:08:58: GL_ARB_texture_cube_map_array
03:08:58: GL_ARB_texture_env_add
03:08:58: GL_ARB_texture_env_combine
03:08:58: GL_ARB_texture_env_crossbar
03:08:58: GL_ARB_texture_env_dot3
03:08:58: GL_ARB_texture_filter_anisotropic
03:08:58: GL_ARB_texture_filter_minmax
03:08:58: GL_ARB_texture_float
03:08:58: GL_ARB_texture_gather
03:08:58: GL_ARB_texture_mirror_clamp_to_edge
03:08:58: GL_ARB_texture_mirrored_repeat
03:08:58: GL_ARB_texture_multisample
03:08:58: GL_ARB_texture_non_power_of_two
03:08:58: GL_ARB_texture_query_levels
03:08:58: GL_ARB_texture_query_lod
03:08:58: GL_ARB_texture_rectangle
03:08:58: GL_ARB_texture_rg
03:08:58: GL_ARB_texture_rgb10_a2ui
03:08:58: GL_ARB_texture_stencil8
03:08:58: GL_ARB_texture_storage
03:08:58: GL_ARB_texture_storage_multisample
03:08:58: GL_ARB_texture_swizzle
03:08:58: GL_ARB_texture_view
03:08:58: GL_ARB_timer_query
03:08:58: GL_ARB_transform_feedback2
03:08:58: GL_ARB_transform_feedback3
03:08:58: GL_ARB_transform_feedback_instanced
03:08:58: GL_ARB_transform_feedback_overflow_query
03:08:58: GL_ARB_transpose_matrix
03:08:58: GL_ARB_uniform_buffer_object
03:08:58: GL_ARB_vertex_array_bgra
03:08:58: GL_ARB_vertex_array_object
03:08:58: GL_ARB_vertex_attrib_64bit
03:08:58: GL_ARB_vertex_attrib_binding
03:08:58: GL_ARB_vertex_buffer_object
03:08:58: GL_ARB_vertex_program
03:08:58: GL_ARB_vertex_shader
03:08:58: GL_ARB_vertex_type_10f_11f_11f_rev
03:08:58: GL_ARB_vertex_type_2_10_10_10_rev
03:08:58: GL_ARB_viewport_array
03:08:58: GL_ARB_window_pos
03:08:58: GL_ATI_draw_buffers
03:08:58: GL_ATI_texture_float
03:08:58: GL_ATI_texture_mirror_once
03:08:58: GL_S3_s3tc
03:08:58: GL_EXT_texture_env_add
03:08:58: GL_EXT_abgr
03:08:58: GL_EXT_bgra
03:08:58: GL_EXT_bindable_uniform
03:08:58: GL_EXT_blend_color
03:08:58: GL_EXT_blend_equation_separate
03:08:58: GL_EXT_blend_func_separate
03:08:58: GL_EXT_blend_minmax
03:08:58: GL_EXT_blend_subtract
03:08:58: GL_EXT_compiled_vertex_array
03:08:58: GL_EXT_Cg_shader
03:08:58: GL_EXT_depth_bounds_test
03:08:58: GL_EXT_direct_state_access
03:08:58: GL_EXT_draw_buffers2
03:08:58: GL_EXT_draw_instanced
03:08:58: GL_EXT_draw_range_elements
03:08:58: GL_EXT_fog_coord
03:08:58: GL_EXT_framebuffer_blit
03:08:58: GL_EXT_framebuffer_multisample
03:08:58: GL_EXTX_framebuffer_mixed_formats
03:08:58: GL_EXT_framebuffer_multisample_blit_scaled
03:08:58: GL_EXT_framebuffer_object
03:08:58: GL_EXT_framebuffer_sRGB
03:08:58: GL_EXT_geometry_shader4
03:08:58: GL_EXT_gpu_program_parameters
03:08:58: GL_EXT_gpu_shader4
03:08:58: GL_EXT_multi_draw_arrays
03:08:58: GL_EXT_multiview_texture_multisample
03:08:58: GL_EXT_multiview_timer_query
03:08:58: GL_EXT_packed_depth_stencil
03:08:58: GL_EXT_packed_float
03:08:58: GL_EXT_packed_pixels
03:08:58: GL_EXT_pixel_buffer_object
03:08:58: GL_EXT_point_parameters
03:08:58: GL_EXT_polygon_offset_clamp
03:08:58: GL_EXT_post_depth_coverage
03:08:58: GL_EXT_provoking_vertex
03:08:58: GL_EXT_raster_multisample
03:08:58: GL_EXT_rescale_normal
03:08:58: GL_EXT_secondary_color
03:08:58: GL_EXT_separate_shader_objects
03:08:58: GL_EXT_separate_specular_color
03:08:58: GL_EXT_shader_image_load_formatted
03:08:58: GL_EXT_shader_image_load_store
03:08:58: GL_EXT_shader_integer_mix
03:08:58: GL_EXT_shadow_funcs
03:08:58: GL_EXT_sparse_texture2
03:08:58: GL_EXT_stencil_two_side
03:08:58: GL_EXT_stencil_wrap
03:08:58: GL_EXT_texture3D
03:08:58: GL_EXT_texture_array
03:08:58: GL_EXT_texture_buffer_object
03:08:58: GL_EXT_texture_compression_dxt1
03:08:58: GL_EXT_texture_compression_latc
03:08:58: GL_EXT_texture_compression_rgtc
03:08:58: GL_EXT_texture_compression_s3tc
03:08:58: GL_EXT_texture_cube_map
03:08:58: GL_EXT_texture_edge_clamp
03:08:58: GL_EXT_texture_env_combine
03:08:58: GL_EXT_texture_env_dot3
03:08:58: GL_EXT_texture_filter_anisotropic
03:08:58: GL_EXT_texture_filter_minmax
03:08:58: GL_EXT_texture_integer
03:08:58: GL_EXT_texture_lod
03:08:58: GL_EXT_texture_lod_bias
03:08:58: GL_EXT_texture_mirror_clamp
03:08:58: GL_EXT_texture_object
03:08:58: GL_EXT_texture_shadow_lod
03:08:58: GL_EXT_texture_shared_exponent
03:08:58: GL_EXT_texture_sRGB
03:08:58: GL_EXT_texture_sRGB_R8
03:08:58: GL_EXT_texture_sRGB_decode
03:08:58: GL_EXT_texture_storage
03:08:58: GL_EXT_texture_swizzle
03:08:58: GL_EXT_timer_query
03:08:58: GL_EXT_transform_feedback2
03:08:58: GL_EXT_vertex_array
03:08:58: GL_EXT_vertex_array_bgra
03:08:58: GL_EXT_vertex_attrib_64bit
03:08:58: GL_EXT_window_rectangles
03:08:58: GL_EXT_x11_sync_object
03:08:58: GL_EXT_import_sync_object
03:08:58: GL_NV_robustness_video_memory_purge
03:08:58: GL_IBM_rasterpos_clip
03:08:58: GL_IBM_texture_mirrored_repeat
03:08:58: GL_KHR_context_flush_control
03:08:58: GL_KHR_debug
03:08:58: GL_EXT_memory_object
03:08:58: GL_EXT_memory_object_fd
03:08:58: GL_NV_memory_object_sparse
03:08:58: GL_KHR_parallel_shader_compile
03:08:58: GL_KHR_no_error
03:08:58: GL_KHR_robust_buffer_access_behavior
03:08:58: GL_KHR_robustness
03:08:58: GL_EXT_semaphore
03:08:58: GL_EXT_semaphore_fd
03:08:58: GL_NV_timeline_semaphore
03:08:58: GL_KHR_shader_subgroup
03:08:58: GL_KTX_buffer_region
03:08:58: GL_NV_alpha_to_coverage_dither_control
03:08:58: GL_NV_bindless_multi_draw_indirect
03:08:58: GL_NV_bindless_multi_draw_indirect_count
03:08:58: GL_NV_bindless_texture
03:08:58: GL_NV_blend_equation_advanced
03:08:58: GL_NV_blend_equation_advanced_coherent
03:08:58: GL_NV_blend_minmax_factor
03:08:58: GL_NV_blend_square
03:08:58: GL_NV_command_list
03:08:58: GL_NV_compute_program5
03:08:58: GL_NV_conditional_render
03:08:58: GL_NV_conservative_raster
03:08:58: GL_NV_conservative_raster_dilate
03:08:58: GL_NV_copy_depth_to_color
03:08:58: GL_NV_copy_image
03:08:58: GL_NV_depth_buffer_float
03:08:58: GL_NV_depth_clamp
03:08:58: GL_NV_draw_texture
03:08:58: GL_NV_draw_vulkan_image
03:08:58: GL_NV_ES1_1_compatibility
03:08:58: GL_NV_ES3_1_compatibility
03:08:58: GL_NV_explicit_multisample
03:08:58: GL_NV_feature_query
03:08:58: GL_NV_fence
03:08:58: GL_NV_fill_rectangle
03:08:58: GL_NV_float_buffer
03:08:58: GL_NV_fog_distance
03:08:58: GL_NV_fragment_coverage_to_color
03:08:58: GL_NV_fragment_program
03:08:58: GL_NV_fragment_program_option
03:08:58: GL_NV_fragment_program2
03:08:58: GL_NV_fragment_shader_interlock
03:08:58: GL_NV_framebuffer_mixed_samples
03:08:58: GL_NV_framebuffer_multisample_coverage
03:08:58: GL_NV_geometry_shader4
03:08:58: GL_NV_geometry_shader_passthrough
03:08:58: GL_NV_gpu_program4
03:08:58: GL_NV_internalformat_sample_query
03:08:58: GL_NV_gpu_program4_1
03:08:58: GL_NV_gpu_program5
03:08:58: GL_NV_gpu_program5_mem_extended
03:08:58: GL_NV_gpu_program_fp64
03:08:58: GL_NV_gpu_shader5
03:08:58: GL_NV_half_float
03:08:58: GL_NV_light_max_exponent
03:08:58: GL_NV_memory_attachment
03:08:58: GL_NV_multisample_coverage
03:08:58: GL_NV_multisample_filter_hint
03:08:58: GL_NV_occlusion_query
03:08:58: GL_NV_packed_depth_stencil
03:08:58: GL_NV_parameter_buffer_object
03:08:58: GL_NV_parameter_buffer_object2
03:08:58: GL_NV_path_rendering
03:08:58: GL_NV_path_rendering_shared_edge
03:08:58: GL_NV_pixel_data_range
03:08:58: GL_NV_point_sprite
03:08:58: GL_NV_primitive_restart
03:08:58: GL_NV_query_resource
03:08:58: GL_NV_query_resource_tag
03:08:58: GL_NV_register_combiners
03:08:58: GL_NV_register_combiners2
03:08:58: GL_NV_sample_locations
03:08:58: GL_NV_sample_mask_override_coverage
03:08:58: GL_NV_shader_atomic_counters
03:08:58: GL_NV_shader_atomic_float
03:08:58: GL_NV_shader_atomic_fp16_vector
03:08:58: GL_NV_shader_atomic_int64
03:08:58: GL_NV_shader_buffer_load
03:08:58: GL_NV_shader_storage_buffer_object
03:08:58: GL_NV_shader_subgroup_partitioned
03:08:58: GL_NV_texgen_reflection
03:08:58: GL_NV_texture_barrier
03:08:58: GL_NV_texture_compression_vtc
03:08:58: GL_NV_texture_env_combine4
03:08:58: GL_NV_texture_multisample
03:08:58: GL_NV_texture_rectangle
03:08:58: GL_NV_texture_rectangle_compressed
03:08:58: GL_NV_texture_shader
03:08:58: GL_NV_texture_shader2
03:08:58: GL_NV_texture_shader3
03:08:58: GL_NV_transform_feedback
03:08:58: GL_NV_transform_feedback2
03:08:58: GL_NV_uniform_buffer_unified_memory
03:08:58: GL_NV_uniform_buffer_std430_layout
03:08:58: GL_NV_vdpau_interop
03:08:58: GL_NV_vdpau_interop2
03:08:58: GL_NV_vertex_array_range
03:08:58: GL_NV_vertex_array_range2
03:08:58: GL_NV_vertex_attrib_integer_64bit
03:08:58: GL_NV_vertex_buffer_unified_memory
03:08:58: GL_NV_vertex_program
03:08:58: GL_NV_vertex_program1_1
03:08:58: GL_NV_vertex_program2
03:08:58: GL_NV_vertex_program2_option
03:08:58: GL_NV_vertex_program3
03:08:58: GL_NV_viewport_array2
03:08:58: GL_NV_viewport_swizzle
03:08:58: GL_NVX_conditional_render
03:08:58: GL_NV_gpu_multicast
03:08:58: GL_NVX_progress_fence
03:08:58: GL_NVX_gpu_memory_info
03:08:58: GL_NVX_nvenc_interop
03:08:58: GL_NV_shader_thread_group
03:08:58: GL_NV_shader_thread_shuffle
03:08:58: GL_KHR_blend_equation_advanced
03:08:58: GL_KHR_blend_equation_advanced_coherent
03:08:58: GL_OVR_multiview
03:08:58: GL_OVR_multiview2
03:08:58: GL_SGIS_generate_mipmap
03:08:58: GL_SGIS_texture_lod
03:08:58: GL_SGIX_depth_texture
03:08:58: GL_SGIX_shadow
03:08:58: GL_SUN_slice_accum
03:08:58: Supported GLX extensions: GLX_ARB_get_proc_address GLX_ARB_multisample GLX_EXT_visual_info GLX_EXT_visual_rating GLX_EXT_import_context GLX_SGI_video_sync GLX_SGIX_fbconfig GLX_SGIX_pbuffer GLX_SGI_swap_control GLX_EXT_swap_control GLX_EXT_swap_control_tear GLX_EXT_buffer_age GLX_ARB_create_context GLX_ARB_create_context_profile GLX_NV_float_buffer GLX_ARB_fbconfig_float GLX_EXT_texture_from_pixmap GLX_EXT_framebuffer_sRGB GLX_NV_copy_image GLX_EXT_create_context_es_profile GLX_EXT_create_context_es2_profile GLX_ARB_create_context_no_error GLX_ARB_create_context_robustness GLX_NV_delay_before_swap GLX_EXT_stereo_tree GLX_ARB_context_flush_control GLX_NV_robustness_video_memory_purge GLX_NV_multigpu_context 
03:08:58: **************************************
03:08:58: ***   OpenGL 3+ Renderer Started   ***
03:08:58: **************************************
03:08:58: Registering ResourceManager for type GpuProgram
03:08:58: RenderSystem capabilities
03:08:58: -------------------------
03:08:58: RenderSystem Name: OpenGL 3+ Rendering Subsystem
03:08:58: GPU Vendor: nvidia
03:08:58: Device Name: NVIDIA GeForce GTX 960/PCIe/SSE2
03:08:58: Driver Version: 4.5.0.0
03:08:58:  * Fixed function pipeline: no
03:08:58:  * Hardware generation of mipmaps: yes
03:08:58:  * Texture blending: yes
03:08:58:  * Anisotropic texture filtering: yes
03:08:58:  * Dot product texture operation: yes
03:08:58:  * Cube mapping: yes
03:08:58:  * Hardware stencil buffer: yes
03:08:58:    - Stencil depth: 8
03:08:58:    - Two sided stencil support: yes
03:08:58:    - Wrap stencil values: yes
03:08:58:  * Hardware vertex / index buffers: yes
03:08:58:  * 32-bit index buffers: yes
03:08:58:  * Vertex programs: yes
03:08:58:  * Number of floating-point constants for vertex programs: 4096
03:08:58:  * Number of integer constants for vertex programs: 4096
03:08:58:  * Number of boolean constants for vertex programs: 4096
03:08:58:  * Fragment programs: yes
03:08:58:  * Number of floating-point constants for fragment programs: 4096
03:08:58:  * Number of integer constants for fragment programs: 4096
03:08:58:  * Number of boolean constants for fragment programs: 4096
03:08:58:  * Geometry programs: yes
03:08:58:  * Number of floating-point constants for geometry programs: 2048
03:08:58:  * Number of integer constants for geometry programs: 2048
03:08:58:  * Number of boolean constants for geometry programs: 2048
03:08:58:  * Tessellation Hull programs: yes
03:08:58:  * Number of floating-point constants for tessellation hull programs: 2048
03:08:58:  * Number of integer constants for tessellation hull programs: 2048
03:08:58:  * Number of boolean constants for tessellation hull programs: 2048
03:08:58:  * Tessellation Domain programs: yes
03:08:58:  * Number of floating-point constants for tessellation domain programs: 2048
03:08:58:  * Number of integer constants for tessellation domain programs: 2048
03:08:58:  * Number of boolean constants for tessellation domain programs: 2048
03:08:58:  * Compute programs: yes
03:08:58:  * Number of floating-point constants for compute programs: 2048
03:08:58:  * Number of integer constants for compute programs: 2048
03:08:58:  * Number of boolean constants for compute programs: 2048
03:08:58:  * Supported Shader Profiles: glsl glsl130 glsl140 glsl150 glsl330 glsl400 glsl410 glsl420 glsl430 glsl440
03:08:58:  * Texture Compression: yes
03:08:58:    - DXT: yes
03:08:58:    - VTC: yes
03:08:58:    - PVRTC: no
03:08:58:    - ATC: no
03:08:58:    - ETC1: no
03:08:58:    - ETC2: yes
03:08:58:    - BC4/BC5: yes
03:08:58:    - BC6H/BC7: yes
03:08:58:    - ASTC: no
03:08:58:  * Hardware Occlusion Query: yes
03:08:58:  * User clip planes: yes
03:08:58:  * VET_UBYTE4 vertex element type: yes
03:08:58:  * Infinite far plane projection: yes
03:08:58:  * Hardware render-to-texture: yes
03:08:58:  * Floating point textures: yes
03:08:58:  * Non-power-of-two textures: yes
03:08:58:  * 1d textures: yes
03:08:58:  * Volume textures: yes
03:08:58:  * Max Texture resolution (2D) 16384
03:08:58:  * Max Texture resolution (3D) 2048
03:08:58:  * Max Texture resolution (Cubemaps) 16384
03:08:58:  * Multiple Render Targets: 8
03:08:58:    - With different bit depths: yes
03:08:58:  * Point Sprites: yes
03:08:58:  * Extended point parameters: yes
03:08:58:  * Max Point Size: 2047
03:08:58:  * Vertex texture fetch: yes
03:08:58:  * Number of world matrices: 0
03:08:58:  * Number of texture units: 16
03:08:58:  * Stencil buffer depth: 8
03:08:58:  * Number of vertex blend matrices: 0
03:08:58:    - Max vertex textures: 32
03:08:58:    - Vertex textures shared: yes
03:08:58:  * Render to Vertex Buffer : yes
03:08:58:  * Hardware Atomic Counters: yes
03:08:58:  * Compute max threads per threadgroup per axis: 1024, 1024, 64
03:08:58:  * Compute max threads per threadgroup total: 1024
03:08:58:  * GL 1.5 without VBO workaround: no
03:08:58:  * Frame Buffer objects: yes
03:08:58:  * Frame Buffer objects (ARB extension): no
03:08:58:  * Frame Buffer objects (ATI extension): no
03:08:58:  * PBuffer support: no
03:08:58:  * GL 1.5 without HW-occlusion workaround: no
03:08:58:  * Vertex Array Objects: yes
03:08:58:  * Separate shader objects: no
03:08:58:  * Using Reverse Z: yes
03:08:58: DefaultWorkQueue('Root') initialising on thread main.
03:08:58: Particle Renderer Type 'billboard' registered
03:08:58: Creating resource group Essential
03:08:58: Added resource location '/home/satch/Projects/Ogre2/install/share/OGRE/Media/packs/DebugPack.zip' of type 'Zip' to resource group 'Essential'
03:08:58: Added resource location '/home/satch/Projects/Ogre2/install/share/OGRE/Media/packs/CornellBox.zip' of type 'Zip' to resource group 'Essential'
03:08:58: Added resource location '/home/satch/Projects/Ogre2/install/share/OGRE/Media/2.0/scripts/materials/Common' of type 'FileSystem' to resource group 'General'
03:08:58: Added resource location '/home/satch/Projects/Ogre2/install/share/OGRE/Media/2.0/scripts/materials/Common/Any' of type 'FileSystem' to resource group 'General'
03:08:58: Added resource location '/home/satch/Projects/Ogre2/install/share/OGRE/Media/2.0/scripts/materials/Common/GLSL' of type 'FileSystem' to resource group 'General'
03:08:58: Added resource location '/home/satch/Projects/Ogre2/install/share/OGRE/Media/2.0/scripts/materials/Common/GLSLES' of type 'FileSystem' to resource group 'General'
03:08:58: Added resource location '/home/satch/Projects/Ogre2/install/share/OGRE/Media/2.0/scripts/materials/Common/HLSL' of type 'FileSystem' to resource group 'General'
03:08:58: Added resource location '/home/satch/Projects/Ogre2/install/share/OGRE/Media/2.0/scripts/materials/Common/Metal' of type 'FileSystem' to resource group 'General'
03:08:58: Added resource location '/home/satch/Projects/Ogre2/install/share/OGRE/Media/Hlms/Common/Any' of type 'FileSystem' to resource group 'General'
03:08:58: Added resource location '/home/satch/Projects/Ogre2/install/share/OGRE/Media/Hlms/Common/GLSL' of type 'FileSystem' to resource group 'General'
03:08:58: Added resource location '/home/satch/Projects/Ogre2/install/share/OGRE/Media/Hlms/Common/HLSL' of type 'FileSystem' to resource group 'General'
03:08:58: Added resource location '/home/satch/Projects/Ogre2/install/share/OGRE/Media/Hlms/Common/Metal' of type 'FileSystem' to resource group 'General'
03:08:58: Added resource location '/home/satch/Projects/Ogre2/install/share/OGRE/Media/Compute/Algorithms/IBL' of type 'FileSystem' to resource group 'General'
03:08:58: Added resource location '/home/satch/Projects/Ogre2/install/share/OGRE/Media/Compute/Tools/Any' of type 'FileSystem' to resource group 'General'
03:08:58: Added resource location '/home/satch/Projects/Ogre2/install/share/OGRE/Media/2.0/scripts/materials/Tutorial_Terrain' of type 'FileSystem' to resource group 'General'
03:08:58: Added resource location '/home/satch/Projects/Ogre2/source/Samples/Media/2.0/scripts/materials/Tutorial_Terrain/GLSL' of type 'FileSystem' to resource group 'General'
03:08:58: Creating resource group Popular
03:08:58: Added resource location '/home/satch/Projects/Ogre2/install/share/OGRE/Media/2.0/scripts/Compositors' of type 'FileSystem' to resource group 'Popular'
03:08:58: Added resource location '/home/satch/Projects/Ogre2/install/share/OGRE/Media/models' of type 'FileSystem' to resource group 'Popular'
03:08:58: Added resource location '/home/satch/Projects/Ogre2/install/share/OGRE/Media/materials/textures' of type 'FileSystem' to resource group 'Popular'
03:08:58: Added resource location '/home/satch/Projects/Ogre2/install/share/OGRE/Media/materials/textures/Cubemaps' of type 'FileSystem' to resource group 'Popular'
03:08:58: Added resource location '/home/satch/Projects/Artillery/media' of type 'FileSystem' to resource group 'General'
03:08:58: Initialising resource group Essential
03:08:58: Parsing scripts for resource group Essential
03:08:58: Parsing script Materials.material
03:08:58: Compiler error: invalid parameters in DebugPack/Materials.material(1): pbs is not a valid hlms type
03:08:58: Compiler error: invalid parameters in DebugPack/Materials.material(5): pbs is not a valid hlms type
03:08:58: Parsing script CornellBox.material.json
03:08:58: Finished parsing scripts for resource group Essential
03:08:58: Creating resources for group Essential
03:08:58: All done
03:08:58: Initialising resource group Popular
03:08:58: Parsing scripts for resource group Popular
03:08:58: Parsing script StereoRendering.compositor
03:08:58: Parsing script StencilTest.compositor
03:08:58: Parsing script Refractions.compositor
03:08:58: Parsing script Tutorial_Terrain.compositor
03:08:58: Parsing script Tutorial_DynamicCubemap.compositor
03:08:58: Parsing script InstancedStereo.compositor
03:08:58: Parsing script Tutorial_ReconstructPosFromDepth.compositor
03:08:58: Parsing script Tutorial_OpenVRWorkspace.compositor
03:08:58: Parsing script PlanarReflections.compositor
03:08:58: Parsing script TutorialUav02_Setup.compositor
03:08:58: Parsing script ScreenSpaceReflections.compositor
03:08:58: Parsing script TutorialSky_Postprocess.compositor
03:08:58: Parsing script LocalCubemaps.compositor
03:08:58: Parsing script StaticShadowMaps.compositor
03:08:58: Parsing script TutorialUav01_Setup.compositor
03:08:58: Parsing script IrradianceFieldRaster.compositor
03:08:58: Parsing script PbsMaterials.compositor
03:08:58: Parsing script UvBaking.compositor
03:08:58: Parsing script ShadowMapDebugging.compositor
03:08:58: Finished parsing scripts for resource group Popular
03:08:58: Creating resources for group Popular
03:08:58: All done
03:08:58: Initialising resource group General
03:08:58: Parsing scripts for resource group General
03:08:58: Parsing script Quad.program
03:08:58: Parsing script RadialDensityMask.material
03:08:58: Parsing script HiddenAreaMeshVr.material
03:08:58: Parsing script Sky.material
03:08:58: Parsing script DPM.material
03:08:58: Parsing script Copyback.material
03:08:58: Parsing script EsmGaussianBlurLogFilter.material
03:08:58: Parsing script PccDepthCompressor.material
03:08:58: Parsing script DPSM.material
03:08:58: Parsing script DepthUtils.material
03:08:58: Parsing script GpuNormalMapper.material
03:08:58: Parsing script GpuNormalMapper.compositor
03:08:58: Parsing script TerraShadowGenerator.compositor
03:08:58: Parsing script EsmGaussianBlurLogFilter.material.json
03:08:58: Parsing script Mipmaps.material.json
03:08:58: Parsing script IBL.material.json
03:08:58: Parsing script Terra.material.json
03:08:58: Parsing script TerraShadowGenerator.material.json
03:08:58: Finished parsing scripts for resource group General
03:08:58: Creating resources for group General
03:08:58: All done
03:09:13: DefaultWorkQueue('Root') shutting down on thread main.
03:09:13: *-*-* OGRE Shutdown
03:09:13: Unregistering ResourceManager for type OldSkeleton
03:09:13: Unregistering ResourceManager for type Mesh2
03:09:13: Unregistering ResourceManager for type Mesh
03:09:13: Unregistering ResourceManager for type Material
03:09:13: Unregistering ResourceManager for type HighLevelGpuProgram
03:09:13: Uninstalling plugin: GL 3+ RenderSystem
03:09:13: WARNING: Deleting mapped buffer without having it unmapped. This is often sign of a resource leak or a bad pattern. Umapping the buffer for you...
03:09:13: WARNING: Deleting mapped buffer without having it unmapped. This is often sign of a resource leak or a bad pattern. Umapping the buffer for you...
03:09:13: Unregistering ResourceManager for type GpuProgram
03:09:13: ******************************
*** Stopping GLX Subsystem ***
******************************
03:09:13: Plugin successfully uninstalled
03:09:13: Unloading library /home/satch/Projects/Ogre2/install/lib/OGRE/RenderSystem_GL3Plus
