02:53:28: Creating resource group General
02:53:28: Creating resource group Internal
02:53:28: Creating resource group Autodetect
02:53:28: SceneManagerFactory for type 'DefaultSceneManager' registered.
02:53:28: Registering ResourceManager for type Material
02:53:28: Registering ResourceManager for type Mesh
02:53:28: Registering ResourceManager for type Mesh2
02:53:28: Registering ResourceManager for type OldSkeleton
02:53:28: MovableObjectFactory for type 'ParticleSystem' registered.
02:53:28: ArchiveFactory for archive type FileSystem registered.
02:53:28: ArchiveFactory for archive type Zip registered.
02:53:28: ArchiveFactory for archive type EmbeddedZip registered.
02:53:28: DDS codec registering
02:53:28: FreeImage version: 3.18.0
02:53:28: This program uses FreeImage, a free, open source image library supporting all common bitmap formats. See http://freeimage.sourceforge.net for details
02:53:28: Supported formats: bmp,ico,jpg,jif,jpeg,jpe,jng,koa,iff,lbm,mng,pbm,pbm,pcd,pcx,pgm,pgm,png,ppm,ppm,ras,tga,targa,tif,tiff,wap,wbmp,wbm,psd,psb,cut,xbm,xpm,gif,hdr,g3,sgi,rgb,rgba,bw,exr,j2k,j2c,jp2,pfm,pct,pict,pic,3fr,arw,bay,bmq,cap,cine,cr2,crw,cs1,dc2,dcr,drf,dsc,dng,erf,fff,ia,iiq,k25,kc2,kdc,mdc,mef,mos,mrw,nef,nrw,orf,pef,ptx,pxn,qtk,raf,raw,rdc,rw2,rwl,rwz,sr2,srf,srw,sti,x3f,webp,jxr,wdp,hdp
02:53:28: OITD codec registering
02:53:28: Registering ResourceManager for type HighLevelGpuProgram
02:53:28: MovableObjectFactory for type 'Decal' registered.
02:53:28: MovableObjectFactory for type 'InternalCubemapProbe' registered.
02:53:28: MovableObjectFactory for type 'Entity' registered.
02:53:28: MovableObjectFactory for type 'Item' registered.
02:53:28: MovableObjectFactory for type 'Light' registered.
02:53:28: MovableObjectFactory for type 'Rectangle2Dv2' registered.
02:53:28: MovableObjectFactory for type 'BillboardSet' registered.
02:53:28: MovableObjectFactory for type 'ManualObject2' registered.
02:53:28: MovableObjectFactory for type 'BillboardChain' registered.
02:53:28: MovableObjectFactory for type 'RibbonTrail' registered.
02:53:28: MovableObjectFactory for type 'WireAabb' registered.
02:53:28: Loading library /home/satch/Projects/Ogre2/install/lib/OGRE/RenderSystem_GL3Plus
02:53:28: Installing plugin: GL 3+ RenderSystem
02:53:28: OpenGL 3+ Rendering Subsystem created.
02:53:28: Plugin successfully installed
02:53:28: *-*-* OGRE Initialising
02:53:28: *-*-* Version 2.3.3 (Daedalus)
02:53:28: *-*-* OGRE Shutdown
02:53:28: Unregistering ResourceManager for type OldSkeleton
02:53:28: Unregistering ResourceManager for type Mesh2
02:53:28: Unregistering ResourceManager for type Mesh
02:53:28: Unregistering ResourceManager for type Material
02:53:28: Unregistering ResourceManager for type HighLevelGpuProgram
02:53:28: Uninstalling plugin: GL 3+ RenderSystem
02:53:28: ******************************
*** Stopping GLX Subsystem ***
******************************
02:53:28: Plugin successfully uninstalled
02:53:28: Unloading library /home/satch/Projects/Ogre2/install/lib/OGRE/RenderSystem_GL3Plus
